python : INFO:chat_assistant.llm_service:\u2705 OpenAI client 
initialized (model: gpt-4o-mini)
At line:1 char:1
+ python backend\test_suggestions_diversity.py 2>&1 | Out-File 
backend\ ...
+ ~~~~~~~~~~~~~~~~~~~~~~~~~~~~~~~~~~~~~~~~~~~~~~~~~
    + CategoryInfo          : NotSpecified: (INFO:chat_assis...l: 
    gpt-4o-mini):String) [], RemoteException
    + FullyQualifiedErrorId : NativeCommandError
 

================================================================================
CHECKING DATABASE CONTENT
================================================================================

--- SUGGESTION_MASTER TABLE ---
Active suggestions: 13

First 10 suggestions:
  - breathing: Breathing Exercise (mindfulness, low)
  - short_walk: Short Walk (physical, medium)
  - meditation: Meditation (mindfulness, low)
  - stretching: Stretching (physical, low)
  - take_break: Take a Break (rest, low)
  - journaling: Journaling (reflection, low)
  - music: Listen to Music (relaxation, low)
  - call_friend: Call a Friend (social, medium)
  - hydrate: Drink Water (health, low)
  - power_nap: Power Nap (rest, low)

--- CONTENT_ITEMS TABLE ---
Active content items: 15

First 10 content items:
  - content_1: Morning Sun Salutation (video, Yoga)
  - content_2: Evening Relaxation Yoga (video, Yoga)
  - content_3: Desk Yoga Stretches (article, Yoga)
  - content_4: 5-Minute Breathing Exercise (audio, Mindfulness)
  - content_5: Body Scan Meditation (audio, Mindfulness)
  - content_6: Mindful Walking Guide (article, Mindfulness)
  - content_7: 7-Minute HIIT Workout (video, Exercise)
  - content_8: Beginner Strength Training (video, Exercise)
  - content_9: Cardio Dance Workout (video, Exercise)
  - content_10: Meal Prep Basics (article, Healthy Eating)

================================================================================


================================================================================
TESTING SUGGESTION DIVERSITY
================================================================================

================================================================================
Scenario: Sad because of work stress
Traceback (most recent call last):
  File "E:\Vantage_Assignment\MoodCapture\backend\test_suggestions
_diversity.py", line 135, in <module>
    test_suggestions()
    ~~~~~~~~~~~~~~~~^^
  File "E:\Vantage_Assignment\MoodCapture\backend\test_suggestions
_diversity.py", line 36, in test_suggestions
    print(f"Mood: {mood_emoji} | Reason: {reason}")
    ~~~~~^^^^^^^^^^^^^^^^^^^^^^^^^^^^^^^^^^^^^^^^^^
  File "C:\Python313\Lib\encodings\cp1252.py", line 19, in encode
    return 
codecs.charmap_encode(input,self.errors,encoding_table)[0]
           ~~~~~~~~~~~~~~~~~~~~~^^^^^^^^^^^^^^^^^^^^^^^^^^^^^^^^^^
UnicodeEncodeError: 'charmap' codec can't encode character 
'\U0001f622' in position 6: character maps to <undefined>
